To honour the JVM settings for this build a single-use Daemon process will be forked. For more on this, please refer to https://docs.gradle.org/9.7.1/userguide/gradle_daemon.html#sec:disabling_the_daemon in the Gradle documentation.
Daemon will be stopped at the end of the build 

> Task :buildEnvironment
Daemon JVM: Eclipse Temurin JDK 17 (17.0.20.1+1)
  | Location:           /usr/lib/jvm/temurin-17-jdk-amd64
  | Language Version:   17
  | Vendor:             Eclipse Temurin
  | Architecture:       amd64
  | Is JDK:             true


------------------------------------------------------------
Root project 'AppT'
------------------------------------------------------------

classpath
+--- com.android.application:com.android.application.gradle.plugin:9.4.1
|    \--- com.android.tools.build:gradle:9.4.1
|         +--- com.android.tools.build:gradle-settings-api:9.4.1
|         |    +--- org.jetbrains.kotlin:kotlin-stdlib:2.2.10 -> 2.4.0
|         |    |    +--- org.jetbrains:annotations:13.0
|         |    |    +--- org.jetbrains.kotlin:kotlin-stdlib-jdk8:1.8.0 -> 2.2.10 (c)
|         |    |    +--- org.jetbrains.kotlin:kotlin-stdlib-jdk7:1.8.0 -> 2.2.10 (c)
|         |    |    \--- org.jetbrains.kotlin:kotlin-stdlib-common:2.4.0 (c)
|         |    \--- com.android.tools.build:gradle-common-api:9.4.1
|         |         +--- org.jetbrains.kotlin:kotlin-stdlib:2.2.10 -> 2.4.0 (*)
|         |         +--- com.android.tools.build:gradle-api:9.4.1 (c)
|         |         \--- com.android.tools.build:gradle-settings-api:9.4.1 (c)
|         +--- com.android.tools:sdk-common:32.4.1
|         |    +--- com.android.tools.analytics-library:shared:32.4.1
|         |    |    +--- com.android.tools.analytics-library:protos:32.4.1
|         |    |    |    \--- com.google.protobuf:protobuf-java:3.25.5
|         |    |    +--- com.android.tools:annotations:32.4.1
|         |    |    +--- com.android.tools:common:32.4.1
|         |    |    |    +--- com.android.tools:annotations:32.4.1
|         |    |    |    +--- com.google.guava:guava:33.4.0-jre
|         |    |    |    |    +--- com.google.guava:failureaccess:1.0.2
|         |    |    |    |    +--- com.google.guava:listenablefuture:9999.0-empty-to-avoid-conflict-with-guava
|         |    |    |    |    +--- com.google.code.findbugs:jsr305:3.0.2
|         |    |    |    |    +--- org.checkerframework:checker-qual:3.43.0
|         |    |    |    |    +--- com.google.errorprone:error_prone_annotations:2.36.0
|         |    |    |    |    \--- com.google.j2objc:j2objc-annotations:3.0.0
|         |    |    |    +--- net.java.dev.jna:jna-platform:5.6.0
|         |    |    |    |    \--- net.java.dev.jna:jna:5.6.0
|         |    |    |    \--- org.jetbrains.kotlin:kotlin-stdlib-jdk8:2.2.10
|         |    |    |         +--- org.jetbrains.kotlin:kotlin-stdlib:2.2.10 -> 2.4.0 (*)
|         |    |    |         \--- org.jetbrains.kotlin:kotlin-stdlib-jdk7:2.2.10
|         |    |    |              \--- org.jetbrains.kotlin:kotlin-stdlib:2.2.10 -> 2.4.0 (*)
|         |    |    +--- com.google.code.gson:gson:2.11.0
|         |    |    |    \--- com.google.errorprone:error_prone_annotations:2.27.0 -> 2.36.0
|         |    |    +--- com.google.guava:guava:33.4.0-jre (*)
|         |    |    +--- net.java.dev.jna:jna-platform:5.6.0 (*)
|         |    |    +--- org.jetbrains.kotlin:kotlin-stdlib-jdk8:2.2.10 (*)
|         |    |    \--- org.jetbrains.kotlinx:kotlinx-coroutines-core:1.9.0
|         |    |         \--- org.jetbrains.kotlinx:kotlinx-coroutines-core-jvm:1.9.0
|         |    |              +--- org.jetbrains:annotations:23.0.0 -> 13.0
|         |    |              +--- org.jetbrains.kotlinx:kotlinx-coroutines-bom:1.9.0
|         |    |              |    +--- org.jetbrains.kotlinx:kotlinx-coroutines-core-jvm:1.9.0 (c)
|         |    |              |    \--- org.jetbrains.kotlinx:kotlinx-coroutines-core:1.9.0 (c)
|         |    |              \--- org.jetbrains.kotlin:kotlin-stdlib:2.0.0 -> 2.4.0 (*)
|         |    +--- com.android.tools.build:aapt2-proto:9.4.1-15978811
|         |    |    \--- com.google.protobuf:protobuf-java:3.25.5
|         |    +--- com.android.tools:common:32.4.1 (*)
|         |    +--- com.android.tools.ddms:ddmlib:32.4.1
|         |    |    +--- com.android.tools:common:32.4.1 (*)
|         |    |    +--- com.google.protobuf:protobuf-java:3.25.5
|         |    |    +--- net.sf.kxml:kxml2:2.3.0
|         |    |    \--- org.jetbrains:annotations:23.0.0 -> 13.0
|         |    +--- com.android.tools.layoutlib:layoutlib-api:32.4.1
|         |    |    +--- com.android.tools:annotations:32.4.1
|         |    |    +--- com.android.tools:common:32.4.1 (*)
|         |    |    +--- net.sf.kxml:kxml2:2.3.0
|         |    |    \--- org.jetbrains:annotations:23.0.0 -> 13.0
|         |    +--- com.android.tools:sdklib:32.4.1
|         |    |    +--- com.android.tools:repository:32.4.1
|         |    |    |    +--- com.android.tools.analytics-library:shared:32.4.1 (*)
|         |    |    |    +--- com.android.tools:common:32.4.1 (*)
|         |    |    |    +--- com.google.jimfs:jimfs:1.1
|         |    |    |    |    \--- com.google.guava:guava:18.0 -> 33.4.0-jre (*)
|         |    |    |    +--- org.apache.commons:commons-compress:1.27.1
|         |    |    |    |    +--- commons-codec:commons-codec:1.17.1
|         |    |    |    |    +--- commons-io:commons-io:2.16.1
|         |    |    |    |    \--- org.apache.commons:commons-lang3:3.16.0 -> 3.20.0
|         |    |    |    +--- org.glassfish.jaxb:jaxb-runtime:2.3.2
|         |    |    |    |    +--- jakarta.xml.bind:jakarta.xml.bind-api:2.3.2
|         |    |    |    |    |    \--- jakarta.activation:jakarta.activation-api:1.2.1
|         |    |    |    |    +--- org.glassfish.jaxb:txw2:2.3.2
|         |    |    |    |    +--- com.sun.istack:istack-commons-runtime:3.0.8
|         |    |    |    |    |    \--- jakarta.activation:jakarta.activation-api:1.2.1
|         |    |    |    |    +--- org.jvnet.staxex:stax-ex:1.8.1
|         |    |    |    |    |    +--- jakarta.activation:jakarta.activation-api:1.2.1
|         |    |    |    |    |    \--- jakarta.xml.bind:jakarta.xml.bind-api:2.3.2 (*)
|         |    |    |    |    +--- com.sun.xml.fastinfoset:FastInfoset:1.2.16
|         |    |    |    |    \--- jakarta.activation:jakarta.activation-api:1.2.1
|         |    |    |    +--- org.jetbrains.kotlin:kotlin-stdlib-jdk8:2.2.10 (*)
|         |    |    |    \--- org.jetbrains.kotlinx:kotlinx-coroutines-core:1.9.0 (*)
|         |    |    +--- com.android.tools:common:32.4.1 (*)
|         |    |    +--- com.android.tools:dvlib:32.4.1
|         |    |    |    \--- com.android.tools:common:32.4.1 (*)
|         |    |    +--- com.android.tools.layoutlib:layoutlib-api:32.4.1 (*)
|         |    |    +--- com.google.code.gson:gson:2.11.0 (*)
|         |    |    +--- org.apache.commons:commons-compress:1.27.1 (*)
|         |    |    +--- org.apache.httpcomponents:httpcore:4.4.16
|         |    |    +--- org.apache.httpcomponents:httpmime:4.5.6
|         |    |    |    \--- org.apache.httpcomponents:httpclient:4.5.6 -> 4.5.14
|         |    |    |         +--- org.apache.httpcomponents:httpcore:4.4.16
|         |    |    |         +--- commons-logging:commons-logging:1.2
|         |    |    |         \--- commons-codec:commons-codec:1.11 -> 1.17.1
|         |    |    \--- org.glassfish.jaxb:jaxb-runtime:2.3.2 (*)
|         |    +--- com.google.code.gson:gson:2.11.0 (*)
|         |    +--- com.google.guava:guava:33.4.0-jre (*)
|         |    +--- com.google.protobuf:protobuf-java:3.25.5
|         |    +--- javax.inject:javax.inject:1
|         |    +--- net.sf.kxml:kxml2:2.3.0
|         |    +--- org.apache.commons:commons-compress:1.27.1 (*)
|         |    +--- org.bouncycastle:bcpkix-jdk18on:1.80.2 -> 1.86
|         |    |    \--- org.bouncycastle:bcutil-jdk18on:1.86
|         |    |         \--- org.bouncycastle:bcprov-jdk18on:1.86
|         |    +--- org.bouncycastle:bcprov-jdk18on:1.80.2 -> 1.86
|         |    +--- org.glassfish.jaxb:jaxb-runtime:2.3.2 (*)
|         |    +--- org.jetbrains.kotlin:kotlin-reflect:2.2.10 -> 2.4.0
|         |    |    \--- org.jetbrains.kotlin:kotlin-stdlib:2.4.0 (*)
|         |    \--- org.jetbrains.kotlin:kotlin-stdlib-jdk8:2.2.10 (*)
|         +--- com.android.tools:sdklib:32.4.1 (*)
|         +--- com.android.tools:repository:32.4.1 (*)
|         +--- com.android.tools.ddms:ddmlib:32.4.1 (*)
|         +--- com.android.tools.build:aapt2-proto:9.4.1-15978811 (*)
|         +--- com.android.tools.build:aaptcompiler:9.4.1
|         |    +--- com.android.tools.build:aapt2-proto:9.4.1-15978811 (*)
|         |    +--- com.android.tools.layoutlib:layoutlib-api:32.4.1 (*)
|         |    +--- com.android.tools:common:32.4.1 (*)
|         |    +--- com.google.protobuf:protobuf-java:3.25.5
|         |    +--- com.google.guava:guava:33.3.1-jre -> 33.4.0-jre (*)
|         |    \--- org.jetbrains.kotlin:kotlin-stdlib:2.2.10 -> 2.4.0 (*)
|         +--- com.android.tools.analytics-library:crash:32.4.1
|         |    +--- com.android.tools:annotations:32.4.1
|         |    +--- com.google.guava:guava:33.4.0-jre (*)
|         |    +--- org.apache.httpcomponents:httpclient:4.5.14 (*)
|         |    +--- org.apache.httpcomponents:httpcore:4.4.16
|         |    \--- org.apache.httpcomponents:httpmime:4.5.6 (*)
|         +--- com.android.tools.analytics-library:shared:32.4.1 (*)
|         +--- com.android.tools.lint:lint-model:32.4.1
|         |    +--- com.android.tools.build:builder-model:9.4.1
|         |    |    +--- com.android.tools:annotations:32.4.1
|         |    |    \--- org.jetbrains.kotlin:kotlin-stdlib:2.2.10 -> 2.4.0 (*)
|         |    +--- com.android.tools:common:32.4.1 (*)
|         |    +--- com.android.tools:repository:32.4.1 (*)
|         |    +--- com.android.tools:sdk-common:32.4.1 (*)
|         |    +--- com.android.tools:sdklib:32.4.1 (*)
|         |    +--- net.sf.kxml:kxml2:2.3.0
|         |    \--- org.jetbrains.kotlin:kotlin-stdlib-jdk8:2.2.10 (*)
|         +--- com.android.tools.lint:lint-typedef-remover:32.4.1
|         |    +--- com.android.tools:annotations:32.4.1
|         |    +--- com.google.guava:guava:33.4.0-jre (*)
|         |    \--- org.ow2.asm:asm:9.9
|         +--- androidx.databinding:databinding-compiler-common:9.4.1
|         |    +--- androidx.databinding:databinding-common:9.4.1
|         |    +--- com.android.databinding:baseLibrary:9.4.1
|         |    +--- com.android.tools:annotations:32.4.1
|         |    +--- com.android.tools.build.jetifier:jetifier-core:1.0.0-beta10
|         |    |    +--- com.google.code.gson:gson:2.8.0 -> 2.11.0 (*)
|         |    |    \--- org.jetbrains.kotlin:kotlin-stdlib:1.3.71 -> 2.4.0 (*)
|         |    +--- com.google.code.gson:gson:2.11.0 (*)
|         |    +--- com.google.guava:guava:33.4.0-jre (*)
|         |    +--- com.googlecode.juniversalchardet:juniversalchardet:1.0.3
|         |    +--- com.squareup:javapoet:1.13.0
|         |    +--- commons-io:commons-io:2.16.1
|         |    +--- org.glassfish.jaxb:jaxb-runtime:2.3.2 (*)
|         |    \--- org.jetbrains.kotlin:kotlin-stdlib-jdk8:2.2.10 (*)
|         +--- androidx.databinding:databinding-common:9.4.1
|         +--- com.android.databinding:baseLibrary:9.4.1
|         +--- com.android.tools.build:builder-test-api:9.4.1
|         |    +--- com.android.tools.ddms:ddmlib:32.4.1 (*)
|         |    +--- com.android.tools:annotations:32.4.1
|         |    +--- com.android.tools:common:32.4.1 (*)
|         |    \--- com.google.guava:guava:33.3.1-jre -> 33.4.0-jre (*)
|         +--- com.android.tools.layoutlib:layoutlib-api:32.4.1 (*)
|         +--- com.android.tools.utp:gradle-work-action-api:32.4.1
|         |    \--- org.jetbrains.kotlin:kotlin-stdlib:2.2.10 -> 2.4.0 (*)
|         +--- org.jetbrains.kotlin:kotlin-stdlib:2.2.10 -> 2.4.0 (*)
|         +--- org.apache.httpcomponents:httpmime:4.5.6 (*)
|         +--- commons-io:commons-io:2.16.1
|         +--- org.ow2.asm:asm:9.9
|         +--- org.ow2.asm:asm-analysis:9.9
|         |    \--- org.ow2.asm:asm-tree:9.9
|         |         \--- org.ow2.asm:asm:9.9
|         +--- org.ow2.asm:asm-commons:9.9
|         |    +--- org.ow2.asm:asm:9.9
|         |    \--- org.ow2.asm:asm-tree:9.9 (*)
|         +--- org.ow2.asm:asm-util:9.9
|         |    +--- org.ow2.asm:asm:9.9
|         |    +--- org.ow2.asm:asm-tree:9.9 (*)
|         |    \--- org.ow2.asm:asm-analysis:9.9 (*)
|         +--- org.glassfish.jaxb:jaxb-runtime:2.3.2 (*)
|         +--- net.sf.jopt-simple:jopt-simple:4.9
|         +--- com.android.tools.build:bundletool:1.18.3
|         |    +--- com.android.tools.build:aapt2-proto:7.3.0-alpha07-8248216 -> 9.4.1-15978811 (*)
|         |    +--- com.google.auto.value:auto-value-annotations:1.6.2
|         |    +--- com.google.errorprone:error_prone_annotations:2.3.1 -> 2.36.0
|         |    +--- com.google.guava:guava:32.0.1-jre -> 33.4.0-jre (*)
|         |    +--- com.google.protobuf:protobuf-java:3.22.3 -> 3.25.5
|         |    +--- com.google.protobuf:protobuf-java-util:3.22.3 -> 3.25.5
|         |    |    +--- com.google.protobuf:protobuf-java:3.25.5
|         |    |    +--- com.google.code.findbugs:jsr305:3.0.2
|         |    |    +--- com.google.code.gson:gson:2.8.9 -> 2.11.0 (*)
|         |    |    +--- com.google.errorprone:error_prone_annotations:2.18.0 -> 2.36.0
|         |    |    +--- com.google.guava:guava:32.0.1-jre -> 33.4.0-jre (*)
|         |    |    \--- com.google.j2objc:j2objc-annotations:2.8 -> 3.0.0
|         |    +--- com.google.dagger:dagger:2.28.3
|         |    |    \--- javax.inject:javax.inject:1
|         |    +--- javax.inject:javax.inject:1
|         |    +--- org.bitbucket.b_c:jose4j:0.9.5 -> 0.9.6
|         |    \--- org.slf4j:slf4j-api:1.7.30 -> 1.7.36
|         +--- com.android.tools.build.jetifier:jetifier-core:1.0.0-beta10 (*)
|         +--- com.android.tools.build.jetifier:jetifier-processor:1.0.0-beta10
|         |    +--- com.android.tools.build.jetifier:jetifier-core:1.0.0-beta10 (*)
|         |    +--- org.ow2.asm:asm:8.0.1 -> 9.9
|         |    +--- org.ow2.asm:asm-util:8.0.1 -> 9.9 (*)
|         |    +--- org.ow2.asm:asm-commons:8.0.1 -> 9.9 (*)
|         |    +--- org.jdom:jdom2:2.0.6 -> 2.0.6.1
|         |    \--- org.jetbrains.kotlin:kotlin-stdlib:1.3.71 -> 2.4.0 (*)
|         +--- com.squareup:javapoet:1.13.0
|         +--- org.jetbrains.kotlin:kotlin-gradle-plugin:2.2.10 -> 2.4.20
|         |    +--- org.jetbrains.kotlin:kotlin-gradle-plugins-bom:2.4.20
|         |    |    +--- org.jetbrains.kotlin:kotlin-gradle-plugin-api:2.4.20 (c)
|         |    |    +--- org.jetbrains.kotlin:kotlin-gradle-plugin-annotations:2.4.20 (c)
|         |    |    +--- org.jetbrains.kotlin:kotlin-native-utils:2.4.20 (c)
|         |    |    +--- org.jetbrains.kotlin:kotlin-tooling-core:2.4.20 (c)
|         |    |    +--- org.jetbrains.kotlin:fus-statistics-gradle-plugin:2.4.20 (c)
|         |    |    +--- org.jetbrains.kotlin:kotlin-gradle-plugin:2.4.20 (c)
|         |    |    +--- org.jetbrains.kotlin:compose-compiler-gradle-plugin:2.4.20 (c)
|         |    |    \--- org.jetbrains.kotlin:kotlin-serialization:2.4.20 (c)
|         |    +--- org.jetbrains.kotlin:kotlin-gradle-plugin-api:2.4.20
|         |    |    +--- org.jetbrains.kotlin:kotlin-gradle-plugins-bom:2.4.20 (*)
|         |    |    +--- org.jetbrains.kotlin:kotlin-gradle-plugin-annotations:2.4.20
|         |    |    +--- org.jetbrains.kotlin:kotlin-native-utils:2.4.20
|         |    |    |    +--- org.jetbrains.kotlin:kotlin-util-io:2.4.20
|         |    |    |    \--- org.jetbrains.kotlin:kotlin-util-klib:2.4.20
|         |    |    |         \--- org.jetbrains.kotlin:kotlin-util-io:2.4.20
|         |    |    +--- org.jetbrains.kotlin:kotlin-tooling-core:2.4.20
|         |    |    \--- org.jetbrains.kotlin:kotlin-build-tools-api:2.4.20
|         |    +--- org.jetbrains.kotlin:fus-statistics-gradle-plugin:2.4.20
|         |    |    \--- org.jetbrains.kotlin:kotlin-gradle-plugin-api:2.4.20 (*)
|         |    +--- org.jetbrains.kotlin:kotlin-gradle-plugin-idea:2.4.20
|         |    |    +--- org.jetbrains.kotlin:kotlin-tooling-core:2.4.20
|         |    |    \--- org.jetbrains.kotlin:kotlin-gradle-plugin-annotations:2.4.20
|         |    +--- org.jetbrains.kotlin:kotlin-gradle-plugin-idea-proto:2.4.20
|         |    |    +--- org.jetbrains.kotlin:kotlin-tooling-core:2.4.20
|         |    |    \--- org.jetbrains.kotlin:kotlin-gradle-plugin-idea:2.4.20 (*)
|         |    +--- org.jetbrains.kotlin:kotlin-klib-commonizer-api:2.4.20
|         |    |    \--- org.jetbrains.kotlin:kotlin-native-utils:2.4.20 (*)
|         |    +--- org.jetbrains.kotlin:kotlin-build-statistics:2.4.20
|         |    |    +--- org.jetbrains.kotlin:kotlin-build-tools-api:2.4.20
|         |    |    \--- com.google.code.gson:gson:2.11.0 (*)
|         |    +--- org.jetbrains.kotlin:kotlin-util-klib-metadata:2.4.20
|         |    |    +--- org.jetbrains.kotlin:kotlin-util-io:2.4.20
|         |    |    \--- org.jetbrains.kotlin:kotlin-util-klib:2.4.20 (*)
|         |    \--- org.jetbrains.kotlin:kotlin-compiler-runner:2.4.20
|         |         +--- org.jetbrains.kotlin:kotlin-daemon-client:2.4.20
|         |         \--- org.jetbrains.kotlinx:kotlinx-coroutines-core-jvm:1.8.0 -> 1.9.0 (*)
|         +--- com.google.protobuf:protobuf-java:3.25.5
|         +--- com.google.protobuf:protobuf-java-util:3.25.5 (*)
|         +--- com.google.code.gson:gson:2.11.0 (*)
|         +--- com.google.crypto.tink:tink:1.7.0
|         |    +--- com.google.protobuf:protobuf-java:3.19.3 -> 3.25.5
|         |    \--- com.google.code.gson:gson:2.8.9 -> 2.11.0 (*)
|         +--- org.tensorflow:tensorflow-lite-metadata:0.2.0
|         |    +--- org.checkerframework:checker-qual:2.5.8 -> 3.43.0
|         |    \--- com.google.flatbuffers:flatbuffers-java:1.12.0
|         +--- com.android.tools.build:builder:9.4.1
|         |    +--- com.android.tools.build:builder-model:9.4.1 (*)
|         |    +--- com.android.tools.build:builder-test-api:9.4.1 (*)
|         |    +--- com.android.tools:sdklib:32.4.1 (*)
|         |    +--- com.android.tools:sdk-common:32.4.1 (*)
|         |    +--- com.android.tools:common:32.4.1 (*)
|         |    +--- com.android.tools.ddms:ddmlib:32.4.1 (*)
|         |    +--- com.android:signflinger:9.4.1
|         |    |    +--- com.android.tools:annotations:32.4.1
|         |    |    +--- com.android.tools.build:apksig:9.4.1
|         |    |    \--- com.android:zipflinger:9.4.1
|         |    |         \--- com.android.tools:annotations:32.4.1
|         |    +--- com.android.tools.analytics-library:protos:32.4.1 (*)
|         |    +--- com.android.tools.analytics-library:tracker:32.4.1
|         |    |    +--- com.android.tools.analytics-library:protos:32.4.1 (*)
|         |    |    +--- com.android.tools.analytics-library:shared:32.4.1 (*)
|         |    |    +--- com.android.tools:annotations:32.4.1
|         |    |    +--- com.android.tools:common:32.4.1 (*)
|         |    |    +--- com.google.guava:guava:33.4.0-jre (*)
|         |    |    +--- com.google.protobuf:protobuf-java:3.25.5
|         |    |    +--- org.jetbrains.kotlin:kotlin-stdlib-jdk8:2.2.10 (*)
|         |    |    \--- org.jetbrains.kotlinx:kotlinx-coroutines-core:1.9.0 (*)
|         |    +--- com.android.tools.layoutlib:layoutlib-api:32.4.1 (*)
|         |    +--- org.jetbrains.kotlin:kotlin-stdlib:2.2.10 -> 2.4.0 (*)
|         |    +--- org.bouncycastle:bcpkix-jdk18on:1.80.2 -> 1.86 (*)
|         |    +--- org.bouncycastle:bcprov-jdk18on:1.80.2 -> 1.86
|         |    +--- javax.inject:javax.inject:1
|         |    +--- org.ow2.asm:asm-commons:9.9 (*)
|         |    +--- com.google.code.gson:gson:2.11.0 (*)
|         |    +--- com.android.tools.build:manifest-merger:32.4.1
|         |    |    +--- com.android.tools:common:32.4.1 (*)
|         |    |    +--- com.android.tools:sdklib:32.4.1 (*)
|         |    |    +--- com.android.tools:sdk-common:32.4.1 (*)
|         |    |    +--- com.google.code.gson:gson:2.11.0 (*)
|         |    |    \--- org.jetbrains.kotlin:kotlin-stdlib:2.2.10 -> 2.4.0 (*)
|         |    +--- com.android:zipflinger:9.4.1 (*)
|         |    +--- com.android.tools.build:apksig:9.4.1
|         |    +--- com.android.tools.build:apkzlib:9.4.1
|         |    |    +--- com.android.tools.build:apksig:9.4.1
|         |    |    +--- com.google.code.findbugs:jsr305:3.0.2
|         |    |    +--- com.google.guava:guava:33.4.0-jre (*)
|         |    |    +--- org.bouncycastle:bcpkix-jdk18on:1.80.2 -> 1.86 (*)
|         |    |    \--- org.bouncycastle:bcprov-jdk18on:1.80.2 -> 1.86
|         |    \--- com.squareup:javawriter:2.5.0
|         +--- com.android.tools.build:builder-model:9.4.1 (*)
|         \--- com.android.tools.build:gradle-api:9.4.1
|              +--- com.android.tools.build:builder-test-api:9.4.1 (*)
|              +--- com.google.guava:guava:33.3.1-jre -> 33.4.0-jre (*)
|              +--- org.jetbrains.kotlin:kotlin-stdlib:2.2.10 -> 2.4.0 (*)
|              +--- com.android.tools.build:gradle-common-api:9.4.1 (*)
|              +--- org.ow2.asm:asm:9.9
|              +--- org.jetbrains.kotlin:kotlin-gradle-plugin-api:2.2.10 -> 2.4.20 (*)
|              \--- com.android.tools.build:gradle:9.4.1 (*)
+--- com.android.library:com.android.library.gradle.plugin:9.4.1
|    \--- com.android.tools.build:gradle:9.4.1 (*)
+--- com.android.test:com.android.test.gradle.plugin:9.4.1
|    \--- com.android.tools.build:gradle:9.4.1 (*)
+--- org.jetbrains.kotlin.plugin.compose:org.jetbrains.kotlin.plugin.compose.gradle.plugin:2.4.20
|    \--- org.jetbrains.kotlin:compose-compiler-gradle-plugin:2.4.20
|         +--- org.jetbrains.kotlin:kotlin-gradle-plugin-api:2.4.20 (*)
|         +--- org.jetbrains.kotlin:kotlin-gradle-plugins-bom:2.4.20 (*)
|         \--- org.jetbrains.kotlin:kotlin-gradle-plugin:2.4.20 (*)
+--- org.jetbrains.kotlin.plugin.serialization:org.jetbrains.kotlin.plugin.serialization.gradle.plugin:2.4.20
|    \--- org.jetbrains.kotlin:kotlin-serialization:2.4.20
|         +--- org.jetbrains.kotlin:kotlin-gradle-plugin-api:2.4.20 (*)
|         \--- org.jetbrains.kotlin:kotlin-gradle-plugins-bom:2.4.20 (*)
+--- io.gitlab.arturbosch.detekt:io.gitlab.arturbosch.detekt.gradle.plugin:1.23.8
|    \--- io.gitlab.arturbosch.detekt:detekt-gradle-plugin:1.23.8
+--- com.diffplug.spotless:com.diffplug.spotless.gradle.plugin:7.0.2
|    \--- com.diffplug.spotless:spotless-plugin-gradle:7.0.2
|         +--- com.diffplug.durian:durian-core:1.2.0
|         +--- com.diffplug.durian:durian-io:1.2.0
|         |    +--- com.diffplug.durian:durian-core:1.2.0
|         |    \--- com.diffplug.durian:durian-collect:1.2.0
|         |         \--- com.diffplug.durian:durian-core:1.2.0
|         +--- com.diffplug.durian:durian-collect:1.2.0 (*)
|         +--- org.eclipse.jgit:org.eclipse.jgit:6.10.0.202406032230-r -> 6.10.1.202505221210-r
|         |    +--- com.googlecode.javaewah:JavaEWAH:1.2.3
|         |    +--- org.slf4j:slf4j-api:1.7.36
|         |    \--- commons-codec:commons-codec:1.17.0 -> 1.17.1
|         +--- com.diffplug.spotless:spotless-lib:3.0.2
|         \--- com.diffplug.spotless:spotless-lib-extra:3.0.2
|              +--- com.diffplug.durian:durian-core:1.2.0
|              +--- com.diffplug.durian:durian-collect:1.2.0 (*)
|              +--- org.eclipse.jgit:org.eclipse.jgit:6.10.0.202406032230-r -> 6.10.1.202505221210-r (*)
|              +--- com.googlecode.concurrent-trees:concurrent-trees:2.6.1
|              +--- dev.equo.ide:solstice:1.8.1
|              |    +--- org.tukaani:xz:1.9
|              |    +--- com.squareup.okhttp3:okhttp:4.12.0
|              |    |    +--- com.squareup.okio:okio:3.6.0
|              |    |    |    \--- com.squareup.okio:okio-jvm:3.6.0
|              |    |    |         +--- org.jetbrains.kotlin:kotlin-stdlib-jdk8:1.9.10 -> 2.2.10 (*)
|              |    |    |         \--- org.jetbrains.kotlin:kotlin-stdlib-common:1.9.10 -> 2.4.0
|              |    |    |              \--- org.jetbrains.kotlin:kotlin-stdlib:2.4.0 (*)
|              |    |    \--- org.jetbrains.kotlin:kotlin-stdlib-jdk8:1.8.21 -> 2.2.10 (*)
|              |    +--- org.slf4j:slf4j-api:1.7.36
|              |    +--- com.diffplug.durian:durian-swt.os:4.3.0
|              |    \--- org.eclipse.platform:org.eclipse.osgi:3.18.300 -> 3.18.500
|              +--- org.eclipse.platform:org.eclipse.osgi:3.18.500
|              \--- com.diffplug.spotless:spotless-lib:3.0.2
+--- org.jetbrains.kotlinx.kover:org.jetbrains.kotlinx.kover.gradle.plugin:0.9.5
|    \--- org.jetbrains.kotlinx:kover-gradle-plugin:0.9.5
|         +--- org.jetbrains.kotlinx:kover-features-jvm:0.9.5
|         |    +--- org.jetbrains.intellij.deps:intellij-coverage-reporter:1.0.765
|         |    |    +--- org.jetbrains.intellij.deps:coverage-report:1.0.25
|         |    |    |    +--- org.freemarker:freemarker:2.3.32
|         |    |    |    \--- org.jetbrains:annotations:16.0.2 -> 13.0
|         |    |    \--- org.jetbrains.intellij.deps:intellij-coverage-agent:1.0.765
|         |    \--- org.jetbrains.kotlin:kotlin-stdlib:2.2.0 -> 2.4.0 (*)
|         \--- org.jetbrains.kotlinx:kover-jvm-agent:0.9.5
+--- org.jetbrains.kotlin:kotlin-stdlib:{strictly 2.4.0} -> 2.4.0 (c)
+--- org.eclipse.jgit:org.eclipse.jgit:6.10.1.202505221210-r (c)
+--- org.bouncycastle:bcpkix-jdk18on:1.86 (c)
+--- org.bouncycastle:bcprov-jdk18on:1.86 (c)
+--- org.jetbrains.kotlin:kotlin-reflect:{strictly 2.4.0} -> 2.4.0 (c)
+--- org.jetbrains:annotations:{strictly 13.0} -> 13.0 (c)
+--- org.apache.httpcomponents:httpclient:4.5.14 (c)
+--- org.bitbucket.b_c:jose4j:0.9.6 (c)
+--- org.jdom:jdom2:2.0.6.1 (c)
\--- org.apache.commons:commons-lang3:3.20.0 (c)

(c) - A dependency constraint, not a dependency. The dependency affected by the constraint occurs elsewhere in the tree.
(*) - Indicates repeated occurrences of a transitive dependency subtree. Gradle expands transitive dependency subtrees only once per project; repeat occurrences only display the root of the subtree, followed by this annotation.

A web-based, searchable dependency report is available by adding the --scan option.
gradle/actions: Writing build results to /home/runner/work/_temp/.gradle-actions/build-results/__run_4-1790276151786.json

[Incubating] Problems report is available at: file:///home/runner/work/AppT/AppT/build/reports/problems/problems-report.html

Deprecated Gradle features were used in this build, making it incompatible with Gradle 10.

You can use '--warning-mode all' to show the individual deprecation warnings and determine if they come from your own scripts or plugins.

For more on this, please refer to https://docs.gradle.org/9.7.1/userguide/command_line_interface.html#sec:command_line_warnings in the Gradle documentation.

BUILD SUCCESSFUL in 10s
1 actionable task: 1 executed
