Fetching distribution.
Downloading https://services.gradle.org/distributions/gradle-9.7.1-bin.zip
..............10%..............20%...............30%..............40%...............50%..............60%...............70%..............80%..............90%...............100%
To honour the JVM settings for this build a single-use Daemon process will be forked. For more on this, please refer to https://docs.gradle.org/9.7.1/userguide/gradle_daemon.html#sec:disabling_the_daemon in the Gradle documentation.
Daemon will be stopped at the end of the build 
Calculating task graph as configuration cache cannot be reused due to --write-verification-metadata

> Task :help

Welcome to Gradle 9.7.1.

To run a build, run gradlew <task> ...

To see a list of available tasks, run gradlew tasks

To see more detail about a task, run gradlew help --task <task>

To see a list of command-line options, run gradlew --help

For more detail on using Gradle, see https://docs.gradle.org/9.7.1/userguide/command_line_interface.html

For troubleshooting, visit https://help.gradle.org

> Task :samsung:resolveAndLockAll
> Task :macrobenchmark:resolveAndLockAll
> Task :app:resolveAndLockAll
gradle/actions: Writing build results to /home/runner/work/_temp/.gradle-actions/build-results/__run-1790275912329.json
Persisted dependency lock state for unknown
Persisted dependency lock state for buildscript of root project 'AppT'
Persisted dependency lock state for root project 'AppT'
Persisted dependency lock state for project ':app'
Persisted dependency lock state for project ':macrobenchmark'
Persisted dependency lock state for project ':samsung'

[Incubating] Problems report is available at: file:///home/runner/work/AppT/AppT/build/reports/problems/problems-report.html

Deprecated Gradle features were used in this build, making it incompatible with Gradle 10.

You can use '--warning-mode all' to show the individual deprecation warnings and determine if they come from your own scripts or plugins.

For more on this, please refer to https://docs.gradle.org/9.7.1/userguide/command_line_interface.html#sec:command_line_warnings in the Gradle documentation.

BUILD SUCCESSFUL in 1m 23s
4 actionable tasks: 4 executed
